// Jest Snapshot v1, https://goo.gl/fbAQLP

exports[`Dock is hidden if showDock is false 1`] = `
<div class="dock " style="pointer-events: none; visibility: hidden; top: NaNpx; left: NaNpx;">
  <span class="dock__arrow" style="left: -6px;"></span>
  <div class="dock__controlsGroup">
    <button class="btn dock__control" role="button">
      <svg class="dock__controlIcon" xmlns="http://www.w3.org/2000/svg" viewBox="0 0 24 24">
        <path d="M19 13h-6v6h-2v-6H5v-2h6V5h2v6h6v2z"></path>
      </svg>
      <span class="dock__controlName">Speed up</span>
    </button>
    <button class="btn dock__control" role="button">
      <svg class="dock__controlIcon" xmlns="http://www.w3.org/2000/svg" viewBox="0 0 24 24">
        <path d="M19 13H5v-2h14v2z"></path>
      </svg>
      <span class="dock__controlName">Slow down</span>
    </button>
  </div>
</div>
`;
