// Jest Snapshot v1, https://goo.gl/fbAQLP

exports[`ErrorRenderer render NoTracksFront component if there are no tracks and user is not in edit mode 1`] = `
<div class="errorContainer">
  <p class="ErrorMsg" data-cy="error-msg">No tracks are loaded. If you think this an error try refreshing the page,
    otherwise please contact support.</p>
</div>
`;

exports[`ErrorRenderer renders BadSource component if error codes contains bad source error 1`] = `
<div class="errorContainer">
  <p class="ErrorMsg" data-cy="error-msg">Unable to load track, the source was not found.</p>
  <button class="btn errorContainer__reloadBtn"
  role="button">Reload</button>
</div>
`;

exports[`ErrorRenderer renders DefaultError component for unhandled errors 1`] = `
<div class="errorContainer">
  <p class="ErrorMsg">Something went wrong! Please try refreshing the page, otherwise contact
    support.</p>
  <button class="btn errorContainer__reloadBtn" role="button">Reload</button>
</div>
`;

exports[`ErrorRenderer renders NoTracksEditor component if there are no tracks and user is in edit mode 1`] = `
<div class="errorContainer">
  <p class="ErrorMsg" data-cy="error-msg">No tracks are loaded. If you think this an error try refreshing the page,
    otherwise please contact support.</p>
</div>
`;
