// Jest Snapshot v1, https://goo.gl/fbAQLP

exports[`ErrorHandler renders errors if there are any 1`] = `
<div class="errorContainer">
  <p class="ErrorMsg">Something went wrong! Please try refreshing the page, otherwise contact
    the site administrator.</p>
  <button class="btn errorContainer__reloadBtn"
  role="button">Reload</button>
</div>
`;

exports[`ErrorHandler renders its children if there are no errors 1`] = `
<div class="melody-errorhandler">
  <p>lol</p>
</div>
`;
