// Jest Snapshot v1, https://goo.gl/fbAQLP

exports[`Slider renders 1`] = `
<div class="slider elementor-tab-title lol-slider" style="padding: 10px 0;">
  <div class="slider__body lol-body" style="height: undefinedpx;" data-cy="slider-body">
    <div class="slider__backfill lol-backfill" style="transform: translate3d(0%, 0, 0);"
    data-cy="slider-backfill"></div>
  </div>
</div>
`;
