// Jest Snapshot v1, https://goo.gl/fbAQLP

exports[`Slideshow renders 1`] = `
<ul class="Slideshow yas-marina-blue" data-melody-slideshow style="transform: translate3d(0%, 0px, 0px);">
  <li class="Slideshow__slide">
    <figure class="Slideshow__image" data-melody-artwork style="background-image: url();"></figure>
  </li>
</ul>
`;

exports[`Slideshow translates based on the current track 1`] = `
<ul class="Slideshow yas-marina-blue" data-melody-slideshow style="transform: translate3d(-500%, 0px, 0px);">
  <li class="Slideshow__slide"></li>
</ul>
`;
